// Jest Snapshot v1, https://goo.gl/fbAQLP

exports[`Probando el Comics Route should be display correctly 1`] = `ReactWrapper {}`;
