// Jest Snapshot v1, https://goo.gl/fbAQLP

exports[`Prueba de Login Screen <LoginScreen /> Debe mostrarse correctamente 1`] = `ReactWrapper {}`;
